I'm sorry, but errors were detected in your script. Please correct the
errors listed below, and try again.


File "game/script.rpy", line 55: end of line expected.
    "stay silent": jump silent
                   ^

Ren'Py Version: Ren'Py 8.4.1.25072401
Sun Sep 28 17:10:13 2025
